src/components/layout/Breadcrumbs.tsx(3,1): error TS6133: 'cn' is declared but its value is never read.
src/components/layout/Breadcrumbs.tsx(53,38): error TS6133: 'index' is declared but its value is never read.
src/components/shared/FormBuilder.tsx(1,19): error TS6133: 'Controller' is declared but its value is never read.
src/components/shared/FormBuilder.tsx(40,9): error TS6133: 'control' is declared but its value is never read.
src/components/shared/FormBuilder.tsx(43,31): error TS2769: No overload matches this call.
  Overload 1 of 4, '(schema: Zod3Type<unknown, FieldValues>, schemaOptions?: ParseParams | undefined, resolverOptions?: NonRawResolverOptions | undefined): Resolver<...>', gave the following error.
    Argument of type 'ZodType<unknown, unknown, $ZodTypeInternals<unknown, unknown>>' is not assignable to parameter of type 'Zod3Type<unknown, FieldValues>'.
      Types of property '_input' are incompatible.
        Type 'unknown' is not assignable to type 'FieldValues'.
  Overload 2 of 4, '(schema: $ZodType<unknown, FieldValues, $ZodTypeInternals<unknown, FieldValues>>, schemaOptions?: ParseContext<$ZodIssue> | undefined, resolverOptions?: NonRawResolverOptions | undefined): Resolver<...>', gave the following error.
    Argument of type 'ZodType<unknown, unknown, $ZodTypeInternals<unknown, unknown>>' is not assignable to parameter of type '$ZodType<unknown, FieldValues, $ZodTypeInternals<unknown, FieldValues>>'.
      Types of property '_zod' are incompatible.
        Type '$ZodTypeInternals<unknown, unknown>' is not assignable to type '$ZodTypeInternals<unknown, FieldValues>'.
          Type 'unknown' is not assignable to type 'FieldValues'.
src/pages/categories/CategoriesList.tsx(18,47): error TS2554: Expected 0 arguments, but got 1.
src/pages/categories/CategoriesList.tsx(48,35): error TS2339: Property 'products' does not exist on type 'Category'.
src/pages/categories/CategoriesList.tsx(101,29): error TS2339: Property 'data' does not exist on type 'Category[]'.
src/pages/categories/CategoriesList.tsx(106,34): error TS2339: Property 'total' does not exist on type 'Category[]'.
src/pages/documents/DocumentsList.tsx(2,27): error TS2307: Cannot find module '@tantml:react-table' or its corresponding type declarations.
src/pages/documents/DocumentsList.tsx(34,22): error TS7031: Binding element 'row' implicitly has an 'any' type.
src/pages/documents/DocumentsList.tsx(54,22): error TS7031: Binding element 'row' implicitly has an 'any' type.
src/pages/documents/DocumentsList.tsx(55,24): error TS7053: Element implicitly has an 'any' type because expression of type 'any' can't be used to index type 'Record<DocumentType, string>'.
src/pages/documents/DocumentsList.tsx(61,22): error TS7031: Binding element 'row' implicitly has an 'any' type.
src/pages/documents/DocumentsList.tsx(68,22): error TS7031: Binding element 'row' implicitly has an 'any' type.
src/pages/documents/DocumentsList.tsx(77,22): error TS7031: Binding element 'row' implicitly has an 'any' type.
src/pages/menus/MenuForm.tsx(7,1): error TS6133: 'useCategories' is declared but its value is never read.
src/pages/menus/MenuForm.tsx(47,9): error TS2322: Type 'Resolver<{ name: string; description?: string | undefined; isActive?: boolean | undefined; categoryIds?: string[] | undefined; }, any, { name: string; isActive: boolean; categoryIds: string[]; description?: string | undefined; }>' is not assignable to type 'Resolver<{ name: string; isActive: boolean; categoryIds: string[]; description?: string | undefined; }, any, { name: string; isActive: boolean; categoryIds: string[]; description?: string | undefined; }>'.
  Types of parameters 'options' and 'options' are incompatible.
    Type 'ResolverOptions<{ name: string; isActive: boolean; categoryIds: string[]; description?: string | undefined; }>' is not assignable to type 'ResolverOptions<{ name: string; description?: string | undefined; isActive?: boolean | undefined; categoryIds?: string[] | undefined; }>'.
      Type 'boolean | undefined' is not assignable to type 'boolean'.
        Type 'undefined' is not assignable to type 'boolean'.
src/pages/menus/MenuForm.tsx(99,50): error TS2345: Argument of type '(data: MenuFormData) => void' is not assignable to parameter of type 'SubmitHandler<TFieldValues>'.
  Types of parameters 'data' and 'data' are incompatible.
    Type 'TFieldValues' is not assignable to type '{ name: string; isActive: boolean; categoryIds: string[]; description?: string | undefined; }'.
      Type 'FieldValues' is missing the following properties from type '{ name: string; isActive: boolean; categoryIds: string[]; description?: string | undefined; }': name, isActive, categoryIds
src/pages/menus/MenusList.tsx(3,10): error TS6133: 'Eye' is declared but its value is never read.
src/pages/menus/MenusList.tsx(3,35): error TS6133: 'Check' is declared but its value is never read.
src/pages/menus/MenusList.tsx(3,42): error TS6133: 'X' is declared but its value is never read.
src/pages/option-items/OptionItemForm.tsx(24,50): error TS2554: Expected 0 arguments, but got 1.
src/pages/option-items/OptionItemForm.tsx(48,34): error TS2339: Property 'data' does not exist on type 'OptionGroup[]'.
src/pages/option-items/OptionItemForm.tsx(48,44): error TS7006: Parameter 'group' implicitly has an 'any' type.
src/pages/option-items/OptionItemsList.tsx(18,48): error TS2554: Expected 0 arguments, but got 1.
src/pages/option-items/OptionItemsList.tsx(108,29): error TS2339: Property 'data' does not exist on type 'OptionItem[]'.
src/pages/option-items/OptionItemsList.tsx(113,34): error TS2339: Property 'total' does not exist on type 'OptionItem[]'.
src/pages/orders/OrderDetail.tsx(2,21): error TS6133: 'Clock' is declared but its value is never read.
src/pages/orders/OrderDetail.tsx(2,41): error TS6133: 'XCircle' is declared but its value is never read.
src/pages/orders/OrderDetail.tsx(18,12): error TS6133: 'cancelReason' is declared but its value is never read.
src/pages/orders/OrderDetail.tsx(18,26): error TS6133: 'setCancelReason' is declared but its value is never read.
src/pages/orders/OrdersList.tsx(18,21): error TS6133: 'setFilters' is declared but its value is never read.
src/pages/payments/PaymentCreate.tsx(13,33): error TS6133: 'PaymentMethod' is declared but its value is never read.
src/pages/payments/PaymentCreate.tsx(18,15): error TS2769: No overload matches this call.
  Overload 1 of 2, '(values: readonly ["CARD", "CASH", "MOBILE_MONEY"], params?: string | { error?: string | $ZodErrorMap<$ZodIssueInvalidValue<unknown>> | undefined; message?: string | undefined; } | undefined): ZodEnum<...>', gave the following error.
    Object literal may only specify known properties, and 'required_error' does not exist in type '{ error?: string | $ZodErrorMap<$ZodIssueInvalidValue<unknown>> | undefined; message?: string | undefined; }'.
  Overload 2 of 2, '(entries: Readonly<Record<string, EnumValue>>, params?: string | { error?: string | $ZodErrorMap<$ZodIssueInvalidValue<unknown>> | undefined; message?: string | undefined; } | undefined): ZodEnum<...>', gave the following error.
    Argument of type 'string[]' is not assignable to parameter of type 'Readonly<Record<string, EnumValue>>'.
      Index signature for type 'string' is missing in type 'string[]'.
src/pages/payments/PaymentDetail.tsx(93,83): error TS2339: Property 'reference' does not exist on type 'string | Order'.
  Property 'reference' does not exist on type 'string'.
src/pages/payments/PaymentDetail.tsx(98,60): error TS2339: Property 'table' does not exist on type 'string | Order'.
  Property 'table' does not exist on type 'string'.
src/pages/payments/PaymentDetail.tsx(103,83): error TS2339: Property 'totalAmount' does not exist on type 'string | Order'.
  Property 'totalAmount' does not exist on type 'string'.
src/pages/payments/PaymentDetail.tsx(108,90): error TS2339: Property 'id' does not exist on type 'string | Order'.
  Property 'id' does not exist on type 'string'.
src/pages/platform-tables/PlatformTableForm.tsx(127,59): error TS2339: Property 'id' does not exist on type 'string | Platform'.
  Property 'id' does not exist on type 'string'.
src/pages/platform-tables/PlatformTableForm.tsx(155,53): error TS2339: Property 'serialNumber' does not exist on type 'Tablet'.
src/pages/platform-tables/PlatformTableForm.tsx(155,77): error TS2339: Property 'isOnline' does not exist on type 'Tablet'.
src/pages/platform-tables/PlatformTablesList.tsx(40,47): error TS2339: Property 'name' does not exist on type 'string | Platform'.
  Property 'name' does not exist on type 'string'.
src/pages/products/ProductForm.tsx(27,52): error TS2554: Expected 0 arguments, but got 1.
src/pages/products/ProductForm.tsx(28,56): error TS2554: Expected 0 arguments, but got 1.
src/pages/products/ProductForm.tsx(63,38): error TS2339: Property 'data' does not exist on type 'Category[]'.
src/pages/products/ProductForm.tsx(63,48): error TS7006: Parameter 'cat' implicitly has an 'any' type.
src/pages/products/ProductForm.tsx(153,63): error TS2339: Property 'data' does not exist on type 'OptionGroup[]'.
src/pages/products/ProductForm.tsx(155,51): error TS2339: Property 'data' does not exist on type 'OptionGroup[]'.
src/pages/products/ProductForm.tsx(155,61): error TS7006: Parameter 'group' implicitly has an 'any' type.
src/pages/profiles/ProfilesList.tsx(13,12): error TS6133: 'page' is declared but its value is never read.
src/pages/profiles/ProfilesList.tsx(13,18): error TS6133: 'setPage' is declared but its value is never read.
src/pages/profiles/ProfilesList.tsx(14,12): error TS6133: 'pageSize' is declared but its value is never read.
src/pages/profiles/ProfilesList.tsx(34,35): error TS2339: Property 'description' does not exist on type 'Profile'.
src/pages/tablets/TabletsList.tsx(22,25): error TS2353: Object literal may only specify known properties, and 'isOnline' does not exist in type 'Partial<Tablet>'.
src/pages/tablets/TabletsList.tsx(22,43): error TS2339: Property 'isOnline' does not exist on type 'Tablet'.
src/pages/tablets/TabletsList.tsx(25,24): error TS2339: Property 'isOnline' does not exist on type 'Tablet'.
src/pages/tablets/TabletsList.tsx(41,65): error TS2339: Property 'serialNumber' does not exist on type 'Tablet'.
src/pages/tablets/TabletsList.tsx(62,35): error TS2339: Property 'isOnline' does not exist on type 'Tablet'.
src/pages/tablets/TabletsList.tsx(87,51): error TS2339: Property 'isOnline' does not exist on type 'Tablet'.
src/pages/tablets/TabletsList.tsx(92,46): error TS2339: Property 'isOnline' does not exist on type 'Tablet'.
src/pages/tablets/TabletsList.tsx(97,43): error TS2339: Property 'isOnline' does not exist on type 'Tablet'.
src/pages/users/UserDetail.tsx(63,35): error TS2339: Property 'phone' does not exist on type 'User'.
src/pages/users/UserDetail.tsx(68,74): error TS2339: Property 'phone' does not exist on type 'User'.
src/pages/users/UserDetail.tsx(136,66): error TS2339: Property 'personType' does not exist on type 'User'.
src/pages/users/UserDetail.tsx(138,35): error TS2339: Property 'isConfirmed' does not exist on type 'User'.
src/pages/users/UserDetail.tsx(141,70): error TS2339: Property 'isConfirmed' does not exist on type 'User'.
